gcsakthi@gcsakthi-Latitude-E5470:/opt/lampp/htdocs$ git clone https://github.com/sukumaranj/automatic-code-builder.git

Command 'git' not found, but can be installed with:

sudo apt install git

gcsakthi@gcsakthi-Latitude-E5470:/opt/lampp/htdocs$ sudo apt install git
[sudo] password for gcsakthi: 
Reading package lists... Done
Building dependency tree       
Reading state information... Done
The following additional packages will be installed:
  git-man liberror-perl
Suggested packages:
  git-daemon-run | git-daemon-sysvinit git-doc git-el git-email git-gui gitk
  gitweb git-cvs git-mediawiki git-svn
The following NEW packages will be installed:
  git git-man liberror-perl
0 upgraded, 3 newly installed, 0 to remove and 121 not upgraded.
Need to get 5,451 kB of archives.
After this operation, 38.5 MB of additional disk space will be used.
Do you want to continue? [Y/n] Y
Get:1 http://in.archive.ubuntu.com/ubuntu focal/main amd64 liberror-perl all 0.17029-1 [26.5 kB]
Get:2 http://in.archive.ubuntu.com/ubuntu focal-updates/main amd64 git-man all 1:2.25.1-1ubuntu3.8 [886 kB]
Get:3 http://in.archive.ubuntu.com/ubuntu focal-updates/main amd64 git amd64 1:2.25.1-1ubuntu3.8 [4,538 kB]
Fetched 5,451 kB in 3s (1,781 kB/s)
Selecting previously unselected package liberror-perl.
(Reading database ... 192320 files and directories currently installed.)
Preparing to unpack .../liberror-perl_0.17029-1_all.deb ...
Unpacking liberror-perl (0.17029-1) ...
Selecting previously unselected package git-man.
Preparing to unpack .../git-man_1%3a2.25.1-1ubuntu3.8_all.deb ...
Unpacking git-man (1:2.25.1-1ubuntu3.8) ...
Selecting previously unselected package git.
Preparing to unpack .../git_1%3a2.25.1-1ubuntu3.8_amd64.deb ...
Unpacking git (1:2.25.1-1ubuntu3.8) ...
Setting up liberror-perl (0.17029-1) ...
Setting up git-man (1:2.25.1-1ubuntu3.8) ...
Setting up git (1:2.25.1-1ubuntu3.8) ...
Processing triggers for man-db (2.9.1-1) ...
gcsakthi@gcsakthi-Latitude-E5470:/opt/lampp/htdocs$ git --version
git version 2.25.1
gcsakthi@gcsakthi-Latitude-E5470:/opt/lampp/htdocs$ git clone https://github.com/sukumaranj/automatic-code-builder.git
Cloning into 'automatic-code-builder'...
remote: Enumerating objects: 8, done.
remote: Counting objects: 100% (8/8), done.
remote: Compressing objects: 100% (5/5), done.
remote: Total 8 (delta 1), reused 8 (delta 1), pack-reused 0
Unpacking objects: 100% (8/8), 914 bytes | 83.00 KiB/s, done.
gcsakthi@gcsakthi-Latitude-E5470:/opt/lampp/htdocs$ git add --all
fatal: not a git repository (or any of the parent directories): .git
gcsakthi@gcsakthi-Latitude-E5470:/opt/lampp/htdocs$ cd automatic-code-builder/
gcsakthi@gcsakthi-Latitude-E5470:/opt/lampp/htdocs/automatic-code-builder$ git add --all
gcsakthi@gcsakthi-Latitude-E5470:/opt/lampp/htdocs/automatic-code-builder$ git commit -m "
> sakthi
> 
> bug #111"

*** Please tell me who you are.

Run

  git config --global user.email "you@example.com"
  git config --global user.name "Your Name"

to set your account's default identity.
Omit --global to set the identity only in this repository.

fatal: unable to auto-detect email address (got 'gcsakthi@gcsakthi-Latitude-E5470.(none)')
gcsakthi@gcsakthi-Latitude-E5470:/opt/lampp/htdocs/automatic-code-builder$ git status
On branch main
Your branch is up to date with 'origin/main'.

Changes to be committed:
  (use "git restore --staged <file>..." to unstage)
	new file:   negative_seller_fee_new_entries.php

gcsakthi@gcsakthi-Latitude-E5470:/opt/lampp/htdocs/automatic-code-builder$ git push
Username for 'https://github.com': sakthi@shravtek.com
Password for 'https://sakthi@shravtek.com@github.com': 
To https://github.com/sukumaranj/automatic-code-builder.git
 ! [rejected]        main -> main (fetch first)
error: failed to push some refs to 'https://github.com/sukumaranj/automatic-code-builder.git'
hint: Updates were rejected because the remote contains work that you do
hint: not have locally. This is usually caused by another repository pushing
hint: to the same ref. You may want to first integrate the remote changes
hint: (e.g., 'git pull ...') before pushing again.
hint: See the 'Note about fast-forwards' in 'git push --help' for details.
gcsakthi@gcsakthi-Latitude-E5470:/opt/lampp/htdocs/automatic-code-builder$ git push -m
error: unknown switch `m'
usage: git push [<options>] [<repository> [<refspec>...]]

    -v, --verbose         be more verbose
    -q, --quiet           be more quiet
    --repo <repository>   repository
    --all                 push all refs
    --mirror              mirror all refs
    -d, --delete          delete refs
    --tags                push tags (can't be used with --all or --mirror)
    -n, --dry-run         dry run
    --porcelain           machine-readable output
    -f, --force           force updates
    --force-with-lease[=<refname>:<expect>]
                          require old value of ref to be at this value
    --recurse-submodules[=(check|on-demand|no)]
                          control recursive pushing of submodules
    --thin                use thin pack
    --receive-pack <receive-pack>
                          receive pack program
    --exec <receive-pack>
                          receive pack program
    -u, --set-upstream    set upstream for git pull/status
    --progress            force progress reporting
    --prune               prune locally removed refs
    --no-verify           bypass pre-push hook
    --follow-tags         push missing but relevant tags
    --signed[=(yes|no|if-asked)]
                          GPG sign the push
    --atomic              request atomic transaction on remote side
    -o, --push-option <server-specific>
                          option to transmit
    -4, --ipv4            use IPv4 addresses only
    -6, --ipv6            use IPv6 addresses only

gcsakthi@gcsakthi-Latitude-E5470:/opt/lampp/htdocs/automatic-code-builder$ git push -f
Username for 'https://github.com': sakthi@shravtek.com
Password for 'https://sakthi@shravtek.com@github.com': 
Enumerating objects: 8, done.
Counting objects: 100% (8/8), done.
Delta compression using up to 4 threads
Compressing objects: 100% (6/6), done.
Writing objects: 100% (8/8), 932 bytes | 133.00 KiB/s, done.
Total 8 (delta 1), reused 0 (delta 0)
remote: Resolving deltas: 100% (1/1), done.
To https://github.com/sukumaranj/automatic-code-builder.git
 + 23de8ed...84df527 main -> main (forced update)
gcsakthi@gcsakthi-Latitude-E5470:/opt/lampp/htdocs/automatic-code-builder$ git add --all
gcsakthi@gcsakthi-Latitude-E5470:/opt/lampp/htdocs/automatic-code-builder$ git commit -m "newfile"

*** Please tell me who you are.

Run

  git config --global user.email "you@example.com"
  git config --global user.name "Your Name"

to set your account's default identity.
Omit --global to set the identity only in this repository.

fatal: unable to auto-detect email address (got 'gcsakthi@gcsakthi-Latitude-E5470.(none)')
gcsakthi@gcsakthi-Latitude-E5470:/opt/lampp/htdocs/automatic-code-builder$ git log
commit 84df5272b767c86dd8b1196f75891d1bacef1ed1 (HEAD -> main, origin/main, origin/HEAD)
Author: sukumaranj <sukumaran.j@gmail.com>
Date:   Tue Jan 31 14:39:45 2023 +0530

    adding index file #123456

commit b6596ab0089901db88fcde055135b557afd4ef00
Author: sukumaranj <sukumaran.j@gmail.com>
Date:   Tue Jan 31 14:32:47 2023 +0530

    first file #12345
gcsakthi@gcsakthi-Latitude-E5470:/opt/lampp/htdocs/automatic-code-builder$ git commit -m "newfile"

*** Please tell me who you are.

Run

  git config --global user.email "you@example.com"
  git config --global user.name "Your Name"

to set your account's default identity.
Omit --global to set the identity only in this repository.

fatal: unable to auto-detect email address (got 'gcsakthi@gcsakthi-Latitude-E5470.(none)')
gcsakthi@gcsakthi-Latitude-E5470:/opt/lampp/htdocs/automatic-code-builder$ git config --global user.email "sakthi@shravtek.com"
gcsakthi@gcsakthi-Latitude-E5470:/opt/lampp/htdocs/automatic-code-builder$ git config --global user.name "sakthi"
gcsakthi@gcsakthi-Latitude-E5470:/opt/lampp/htdocs/automatic-code-builder$ git commit -m "newfile"
[main 73effe2] newfile
 1 file changed, 97 insertions(+)
 create mode 100644 negative_seller_fee_new_entries.php
gcsakthi@gcsakthi-Latitude-E5470:/opt/lampp/htdocs/automatic-code-builder$ git push -f
Username for 'https://github.com': sakthi@shravtek.com
Password for 'https://sakthi@shravtek.com@github.com': 
Enumerating objects: 4, done.
Counting objects: 100% (4/4), done.
Delta compression using up to 4 threads
Compressing objects: 100% (3/3), done.
Writing objects: 100% (3/3), 1.62 KiB | 552.00 KiB/s, done.
Total 3 (delta 0), reused 0 (delta 0)
To https://github.com/sukumaranj/automatic-code-builder.git
   84df527..73effe2  main -> main
gcsakthi@gcsakthi-Latitude-E5470:/opt/lampp/htdocs/automatic-code-builder$ 
